mode: atomic
01_task/convertor.go:11.59,13.29 2 8
01_task/convertor.go:13.29,15.3 1 1
01_task/convertor.go:17.2,17.32 1 8
01_task/convertor.go:17.32,19.3 1 0
01_task/convertor.go:21.2,24.36 3 8
01_task/convertor.go:24.36,29.33 3 19
01_task/convertor.go:29.33,30.12 1 0
01_task/convertor.go:34.3,35.69 2 19
01_task/convertor.go:35.69,37.29 2 3
01_task/convertor.go:41.3,41.42 1 16
01_task/convertor.go:41.42,43.12 2 2
01_task/convertor.go:47.3,47.85 1 14
01_task/convertor.go:47.85,48.27 1 1
01_task/convertor.go:48.27,50.5 1 1
01_task/convertor.go:50.10,52.5 1 0
01_task/convertor.go:53.4,53.12 1 1
01_task/convertor.go:56.3,56.39 1 13
01_task/convertor.go:59.2,59.15 1 8
01_task/convertor.go:63.69,65.66 2 8
01_task/convertor.go:65.66,67.3 1 0
01_task/convertor.go:69.2,72.36 3 8
01_task/convertor.go:72.36,76.27 3 19
01_task/convertor.go:76.27,77.12 1 0
01_task/convertor.go:80.3,83.14 3 19
01_task/convertor.go:83.14,84.12 1 0
01_task/convertor.go:87.3,87.22 1 19
01_task/convertor.go:87.22,88.12 1 0
01_task/convertor.go:92.17,92.69 1 19
01_task/convertor.go:92.69,93.66 1 3
01_task/convertor.go:93.66,95.22 1 3
01_task/convertor.go:96.21,96.29 1 3
01_task/convertor.go:100.3,100.42 1 16
01_task/convertor.go:100.42,101.62 1 2
01_task/convertor.go:101.62,102.81 1 2
01_task/convertor.go:102.81,104.6 1 0
01_task/convertor.go:106.4,106.12 1 2
01_task/convertor.go:110.3,110.92 1 14
01_task/convertor.go:110.92,111.62 1 1
01_task/convertor.go:111.62,112.27 1 1
01_task/convertor.go:112.27,114.6 1 1
01_task/convertor.go:115.5,115.74 1 1
01_task/convertor.go:115.74,117.6 1 0
01_task/convertor.go:119.4,119.12 1 1
01_task/convertor.go:123.3,124.61 2 13
01_task/convertor.go:124.61,126.4 1 13
01_task/convertor.go:126.9,126.69 1 0
01_task/convertor.go:126.69,128.4 1 0
01_task/convertor.go:131.2,131.12 1 8
01_task/convertor.go:135.53,137.15 2 38
01_task/convertor.go:137.15,139.58 1 34
01_task/convertor.go:139.58,141.4 1 0
01_task/convertor.go:142.3,142.13 1 34
01_task/convertor.go:144.2,144.19 1 4
